/******** QUERY *********/
CREATE ROLE boring_sql
WITH
LOGIN
NOINHERIT
NOCREATEDB
NOSUPERUSER
NOREPLICATION
NOBYPASSRLS
IN ROLE pg_read_server_files, pg_read_all_settings, pg_read_all_stats
PASSWORD NULL
VALID UNTIL '2025-12-31 23:59:59+05:30'
CONNECTION LIMIT -1
/************************/

CREATE ROLE
/******** QUERY *********/
CREATE TABLESPACE boring_sql_data
OWNER boring_sql
LOCATION '/run/media/ramumsrk/ata_1_0_TiB/pgsql/18/boring_sql_data/'
/************************/

/******** QUERY *********/
CREATE TABLESPACE boring_sql_index
OWNER boring_sql
LOCATION '/run/media/ramumsrk/ata_1_0_TiB/pgsql/18/boring_sql_index/'
/************************/

/******** QUERY *********/
CREATE TABLESPACE boring_sql_temp
OWNER boring_sql
LOCATION '/run/media/ramumsrk/ata_1_0_TiB/pgsql/18/boring_sql_temp/'
/************************/

/******** QUERY *********/
CREATE DATABASE boring_sql
WITH
OWNER = boring_sql
TABLESPACE = boring_sql_data
ENCODING = UTF8
LOCALE = 'en_US.UTF-8'
IS_TEMPLATE = false
ALLOW_CONNECTIONS = true
TEMPLATE = template0
LOCALE_PROVIDER = libc
COLLATION_VERSION = '2.42'
LC_CTYPE = C
LC_COLLATE = 'en_US.UTF-8'
CONNECTION LIMIT = -1
/************************/

