/******** QUERY *********/
CREATE TABLESPACE boringsql_com_data
OWNER boringsql_com
LOCATION '/run/media/ramumsrk/ata_1_0_TiB/pgsql/18/boringsql_com_data/'
/************************/

CREATE TABLESPACE
/******** QUERY *********/
CREATE TABLESPACE boringsql_com_index
OWNER boringsql_com
LOCATION '/run/media/ramumsrk/ata_1_0_TiB/pgsql/18/boringsql_com_index/'
/************************/

CREATE TABLESPACE
/******** QUERY *********/
CREATE TABLESPACE boringsql_com_temp
OWNER boringsql_com
LOCATION '/run/media/ramumsrk/ata_1_0_TiB/pgsql/18/boringsql_com_temp/'
/************************/

CREATE TABLESPACE
/******** QUERY *********/
CREATE DATABASE boringsql_com
WITH
OWNER = boringsql_com
TABLESPACE = boringsql_com_data
ENCODING = UTF8
LOCALE = 'en_US.UTF-8'
IS_TEMPLATE = false
ALLOW_CONNECTIONS = true
TEMPLATE = template0
LOCALE_PROVIDER = libc
COLLATION_VERSION = '2.42'
LC_CTYPE = 'en_US.UTF-8'
LC_COLLATE = 'en_US.UTF-8'
CONNECTION LIMIT = -1
/************************/

CREATE DATABASE
/******** QUERY *********/
CREATE SCHEMA IF NOT EXISTS boringsql_com ATHORIZATION boringsql_com
/************************/

/******** QUERY *********/
CREATE SCHEMA IF NOT EXISTS radim_marek AUTHORIZATION boringsql_com
/************************/

CREATE SCHEMA
/******** QUERY *********/
CREATE EXTENSION IF NOT EXISTS pg_stat_statements
WITH
SCHEMA radim_marek
VERSION '1.12'
CASCADE
/************************/

CREATE EXTENSION
