/******** QUERY *********/
SELECT CURRENT_DATABASE(), USER, CURRENT_USER, SESSION_USER, CURRENT_ROLE, CURRENT_SCHEMA, CURRENT_DATE, CURRENT_TIME, CURRENT_TIMESTAMP
/************************/

       current_database        |   user   | current_user | session_user | current_role | current_schema | current_date |     current_time      |        current_timestamp         
-------------------------------+----------+--------------+--------------+--------------+----------------+--------------+-----------------------+----------------------------------
 stokerpostgresql_blogspot_com | postgres | postgres     | postgres     | postgres     | public         | 2025-11-16   | 23:43:23.214049+05:30 | 2025-11-16 23:43:23.214049+05:30
(1 row)

/******** QUERY *********/
SELECT ctid,first_column FROM dave_stokes.ex03
/************************/

 ctid  | first_column 
-------+--------------
 (0,1) |            1
(1 row)

/******** QUERY *********/
SELECT * FROM dave_stokes.heap_page_items(dave_stokes.get_raw_page('dave_stokes.ex03',0))
/************************/

 lp | lp_off | lp_flags | lp_len | t_xmin | t_xmax | t_field3 | t_ctid | t_infomask2 | t_infomask | t_hoff | t_bits | t_oid | t_data 
----+--------+----------+--------+--------+--------+----------+--------+-------------+------------+--------+--------+-------+--------
  1 |   8160 |        1 |     26 |   1322 |      0 |        0 | (0,1)  |           1 |       2304 |     24 | NULL   |  NULL | \x0100
(1 row)

/******** QUERY *********/
SELECT * FROM dave_stokes.page_header(dave_stokes.get_raw_page('dave_stokes.ex03',0))
/************************/

    lsn    | checksum | flags | lower | upper | special | pagesize | version | prune_xid 
-----------+----------+-------+-------+-------+---------+----------+---------+-----------
 0/BAED3C8 |        0 |     0 |    28 |  8160 |    8192 |     8192 |       4 |         0
(1 row)

/******** QUERY *********/
SELECT ctid,xmin,xmax,cmin,cmax,first_column FROM dave_stokes.ex03
/************************/

 ctid  | xmin | xmax | cmin | cmax | first_column 
-------+------+------+------+------+--------------
 (0,1) | 1322 |    0 |    0 |    0 |            1
(1 row)

/******** QUERY *********/
SHOW isolation_level
/************************/

/******** QUERY *********/
SELECT ctid,xmin,xmax,cmin,cmax,first_column FROM dave_stokes.ex03
/************************/

 ctid  | xmin | xmax | cmin | cmax | first_column 
-------+------+------+------+------+--------------
 (0,1) | 1322 | 1323 |    0 |    0 |            1
(1 row)

/******** QUERY *********/
BEGIN TRANSACTION
/************************/

BEGIN
/******** QUERY *********/
INSERT INTO dave_stokes.ex03 (first_column) VALUES (100), (101)
/************************/

INSERT 0 2
/******** QUERY *********/
SELECT ctid,xmax,xmin,cmin,cmax,first_column FROM dave_stokes.ex03
/************************/

 ctid  | xmax | xmin | cmin | cmax | first_column 
-------+------+------+------+------+--------------
 (0,1) | 1323 | 1322 |    0 |    0 |            1
 (0,3) |    0 | 1324 |    0 |    0 |          100
 (0,4) |    0 | 1324 |    0 |    0 |          101
(3 rows)

/******** QUERY *********/
SELECT TXID_CURRENT()
/************************/

 txid_current 
--------------
         1324
(1 row)

/******** QUERY *********/
COMMIT TRANSACTION
/************************/

COMMIT
