/******** QUERY *********/
SELECT CURRENT_DATABASE(), USER, CURRENT_USER, SESSION_USER, CURRENT_ROLE, CURRENT_SCHEMA, CURRENT_DATE, CURRENT_TIME, CURRENT_TIMESTAMP
/************************/

       current_database        |             user              |         current_user          |         session_user          |         current_role          |        current_schema         | current_date |     current_time      |        current_timestamp         
-------------------------------+-------------------------------+-------------------------------+-------------------------------+-------------------------------+-------------------------------+--------------+-----------------------+----------------------------------
 stokerpostgresql_blogspot_com | stokerpostgresql_blogspot_com | stokerpostgresql_blogspot_com | stokerpostgresql_blogspot_com | stokerpostgresql_blogspot_com | stokerpostgresql_blogspot_com | 2025-11-16   | 23:33:13.501644+05:30 | 2025-11-16 23:33:13.501644+05:30
(1 row)

/******** QUERY *********/
CREATE TABLE IF NOT EXISTS dave_stokes.ex03
(
    first_column SMALLINT STORAGE default COMPRESSION default CONSTRAINT nn_first_column NOT NULL DEFAULT 0::smallint
)
TABLESPACE stokerpostgresql_blogspot_com_data
/************************/

CREATE TABLE
                                                  List of tables
   Schema    | Name | Type  |             Owner             | Persistence | Access method |  Size   | Description 
-------------+------+-------+-------------------------------+-------------+---------------+---------+-------------
 dave_stokes | ex03 | table | stokerpostgresql_blogspot_com | permanent   | heap          | 0 bytes | NULL
(1 row)

/******** QUERY *********/
COMMET ON TABLE dave_stokes.ex03 IS 'Table used in Beginning PostgreSQL Transactions https://stokerpostgresql.blogspot.com/2025/01/beginning-postgresql-transactions.html'
/************************/

/******** QUERY *********/
COMMENT ON TABLE dave_stokes.ex03 IS 'Table used in Beginning PostgreSQL Transactions https://stokerpostgresql.blogspot.com/2025/01/beginning-postgresql-transactions.html'
/************************/

COMMENT
                                                                                                              List of tables
   Schema    | Name | Type  |             Owner             | Persistence | Access method |  Size   |                                                             Description                                                              
-------------+------+-------+-------------------------------+-------------+---------------+---------+--------------------------------------------------------------------------------------------------------------------------------------
 dave_stokes | ex03 | table | stokerpostgresql_blogspot_com | permanent   | heap          | 0 bytes | Table used in Beginning PostgreSQL Transactions https://stokerpostgresql.blogspot.com/2025/01/beginning-postgresql-transactions.html
(1 row)

/******** QUERY *********/
ANALYZE (VERBOSE, SKIP_LOCKED false) ONLY dave_stokes.ex03
/************************/

ANALYZE
/******** QUERY *********/
INSERT INTO dave_stokes.ex03 (first_column) VALUES (1::smallint) RETURNING OLD.first_column, NEW.first_column
/************************/

 first_column | first_column 
--------------+--------------
         NULL |            1
(1 row)

INSERT 0 1
/******** QUERY *********/
SELECT * FROM dave_stokes.heap_page_items(dave_stokes.get_raw_page('dave_stokes.ex03',0))
/************************/

                                                                                                                List of tables
   Schema    | Name | Type  |             Owner             | Persistence | Access method |    Size    |                                                             Description                                                              
-------------+------+-------+-------------------------------+-------------+---------------+------------+--------------------------------------------------------------------------------------------------------------------------------------
 dave_stokes | ex03 | table | stokerpostgresql_blogspot_com | permanent   | heap          | 8192 bytes | Table used in Beginning PostgreSQL Transactions https://stokerpostgresql.blogspot.com/2025/01/beginning-postgresql-transactions.html
(1 row)

                                             Table "dave_stokes.ex03"
    Column    |   Type   | Collation | Nullable |   Default   | Storage | Compression | Stats target | Description 
--------------+----------+-----------+----------+-------------+---------+-------------+--------------+-------------
 first_column | smallint |           | not null | 0::smallint | plain   |             |              | 
Not-null constraints:
    "nn_first_column" NOT NULL "first_column"
Access method: heap

/******** QUERY *********/
BEGIN TRANSACTION
/************************/

BEGIN
/******** QUERY *********/
UPDATE dave_stokes.ex03 SET first_column = 2 WHERE first_column = 1
/************************/

UPDATE 1
/******** QUERY *********/
SELECT ctid,xmin,xmax,cmin,cmax,first_column FROM dave_stokes.ex03
/************************/

 ctid  | xmin | xmax | cmin | cmax | first_column 
-------+------+------+------+------+--------------
 (0,2) | 1323 |    0 |    0 |    0 |            2
(1 row)

/******** QUERY *********/
SELECT TXID_CURRENT()
/************************/

 txid_current 
--------------
         1323
(1 row)

/******** QUERY *********/
SELECT ctid,xmin,xmax,cmin,cmax,first_column FROM dave_stokes.ex03
/************************/

 ctid  | xmin | xmax | cmin | cmax | first_column 
-------+------+------+------+------+--------------
 (0,2) | 1323 |    0 |    0 |    0 |            2
(1 row)

/******** QUERY *********/
COMMIT TRANSACTION
/************************/

COMMIT
/******** QUERY *********/
SELECT ctid,xmin,xmax,cmin,cmax,first_column FROM dave_stokes.ex03
/************************/

 ctid  | xmin | xmax | cmin | cmax | first_column 
-------+------+------+------+------+--------------
 (0,2) | 1323 |    0 |    0 |    0 |            2
(1 row)

/******** QUERY *********/
SELECT ctid,xmin,xmax,cmin,cmax,first_column FROM dave_stokes.first_table
/************************/

/******** QUERY *********/
SELECT ctid,xmin,xmax,cmin,cmax,first_column FROM dave_stokes.ex03
/************************/

/******** QUERY *********/
END TRANSACTION
/************************/

ROLLBACK
