/******** QUERY *********/
ALTER DATABASE www_sqlservercentral_com REFRESH COLLATION VERSION
/************************/

/******** QUERY *********/
END WORK
/************************/

ROLLBACK
/******** QUERY *********/
SELECT TXID_CURRENT()
/************************/

 txid_current 
--------------
         1458
(1 row)

/******** QUERY *********/
CREATE UNLOGGED TABLE IF NOT EXISTS chandan_shulka.first_table
(
    first_column SMALLINT STORAGE default COMPRESSION default CONSTRAINT nn_first_column NOT NULL DEFAULT 0::smallint,
    second_column TEXT STORAGE default COMPRESSION default CONSTRAINT nn_second_column NOT NULL DEFAULT ''::text
)
TABLESPACE www_sqlservercentral_com_data
/************************/

/******** QUERY *********/
END WORK
/************************/

ROLLBACK
                                               List of schemas
      Name      |          Owner           |           Access privileges            |      Description       
----------------+--------------------------+----------------------------------------+------------------------
 chandan_shukla | www_sqlservercentral_com | NULL                                   | NULL
 public         | pg_database_owner        | pg_database_owner=UC/pg_database_owner+| standard public schema
                |                          | =U/pg_database_owner                   | 
(2 rows)

/******** QUERY *********/
SELECT TXID_CURRENT()
/************************/

 txid_current 
--------------
         1459
(1 row)

/******** QUERY *********/
CREATE UNLOGGED TABLE IF NOT EXISTS chandan_shukla.first_table
(
    first_column SMALLINT STORAGE default COMPRESSION default CONSTRAINT nn_first_column NOT NULL DEFAULT 0::smallint,
    second_column TEXT STORAGE default COMPRESSION default CONSTRAINT nn_second_column NOT NULL DEFAULT ''::text
)
TABLESPACE www_sqlservercentral_com_data
/************************/

CREATE TABLE
/******** QUERY *********/
END TRANSACTION
/************************/

COMMIT
                                                   List of tables
     Schema     |    Name     | Type  |          Owner           | Persistence | Access method | Size  | Description 
----------------+-------------+-------+--------------------------+-------------+---------------+-------+-------------
 chandan_shukla | first_table | table | www_sqlservercentral_com | unlogged    | heap          | 16 kB | NULL
(1 row)

                                     Unlogged table "chandan_shukla.first_table"
    Column     |   Type   | Collation | Nullable |   Default   | Storage  | Compression | Stats target | Description 
---------------+----------+-----------+----------+-------------+----------+-------------+--------------+-------------
 first_column  | smallint |           | not null | 0::smallint | plain    |             |              | 
 second_column | text     |           | not null | ''::text    | extended |             |              | 
Not-null constraints:
    "nn_first_column" NOT NULL "first_column"
    "nn_second_column" NOT NULL "second_column"
Access method: heap

/******** QUERY *********/
ANALYZE (VERBOSE, SKIP_LOCKED false) ONLY chandan_shukla.first_table
/************************/

ANALYZE
/******** QUERY *********/
CREATE TABLE IF NOT EXISTS chandan_shukla.second_table
(
    first_column SMALLINT STORAGE default COMPRESSION default CONSTRAINT nn_first_column NOT NULL DEFAULT 0::smallint,
    second_column TEXT STORAGE default COMPRESSION default CONSTRAINT nn_second_column NOT NULL DEFAULT ''::text
)
TABLESPACE www_sqlservercentral_com_data
/************************/

CREATE TABLE
/******** QUERY *********/
ANALYZE (VERBOSE, SKIP_LOCKED false) ONLY chandan_shukla.second_table
/************************/

ANALYZE
                                                      List of tables
     Schema     |     Name     | Type  |          Owner           | Persistence | Access method |    Size    | Description 
----------------+--------------+-------+--------------------------+-------------+---------------+------------+-------------
 chandan_shukla | second_table | table | www_sqlservercentral_com | permanent   | heap          | 8192 bytes | NULL
(1 row)

                                         Table "chandan_shukla.second_table"
    Column     |   Type   | Collation | Nullable |   Default   | Storage  | Compression | Stats target | Description 
---------------+----------+-----------+----------+-------------+----------+-------------+--------------+-------------
 first_column  | smallint |           | not null | 0::smallint | plain    |             |              | 
 second_column | text     |           | not null | ''::text    | extended |             |              | 
Not-null constraints:
    "nn_first_column" NOT NULL "first_column"
    "nn_second_column" NOT NULL "second_column"
Access method: heap

/******** QUERY *********/
EXPLAIN (ANALYZE, TIMING, SETTINGS, VERBOSE, BUFFERS, MEMORY, COSTS, WAL, FORMAT TEXT) INSERT INTO chandan_shukla.second_table (first_column, second_column) SELECT g, MD5(RANDOM()::text) FROM pg_catalog.generate_series(1, 10000) g
/************************/

                                                                     QUERY PLAN                                                                      
-----------------------------------------------------------------------------------------------------------------------------------------------------
 Insert on chandan_shukla.second_table  (cost=0.00..225.00 rows=0 width=0) (actual time=19.169..19.170 rows=0.00 loops=1)
   Buffers: shared hit=10164 dirtied=84 written=87
   WAL: records=10000 bytes=900000
   ->  Subquery Scan on "*SELECT*"  (cost=0.00..225.00 rows=10000 width=34) (actual time=0.795..7.689 rows=10000.00 loops=1)
         Output: "*SELECT*".g, "*SELECT*".md5
         ->  Function Scan on pg_catalog.generate_series g  (cost=0.00..200.00 rows=10000 width=36) (actual time=0.794..7.024 rows=10000.00 loops=1)
               Output: g.g, md5((random())::text)
               Function Call: generate_series(1, 10000)
 Query Identifier: 6456118323983544280
 Planning:
   Buffers: shared hit=3
   Memory: used=18kB  allocated=32kB
 Planning Time: 0.061 ms
 Execution Time: 19.422 ms
(14 rows)

/******** QUERY *********/
EXPLAIN (ANALYZE, TIMING, SETTINGS, VERBOSE, BUFFERS, MEMORY, COSTS, WAL, FORMAT TEXT) INSERT INTO chandan_shukla.first_table (first_column, second_column) SELECT g, MD5(RANDOM()::text) FROM pg_catalog.generate_series(1, 10000) g
/************************/

                                                                     QUERY PLAN                                                                      
-----------------------------------------------------------------------------------------------------------------------------------------------------
 Insert on chandan_shukla.first_table  (cost=0.00..225.00 rows=0 width=0) (actual time=18.229..18.230 rows=0.00 loops=1)
   Buffers: shared hit=10164 dirtied=84 written=87
   ->  Subquery Scan on "*SELECT*"  (cost=0.00..225.00 rows=10000 width=34) (actual time=0.721..7.776 rows=10000.00 loops=1)
         Output: "*SELECT*".g, "*SELECT*".md5
         ->  Function Scan on pg_catalog.generate_series g  (cost=0.00..200.00 rows=10000 width=36) (actual time=0.720..7.137 rows=10000.00 loops=1)
               Output: g.g, md5((random())::text)
               Function Call: generate_series(1, 10000)
 Query Identifier: 9012403632854415405
 Planning:
   Memory: used=18kB  allocated=32kB
 Planning Time: 0.044 ms
 Execution Time: 18.450 ms
(12 rows)

/******** QUERY *********/
SELECT * FROM chandan_shukla.pg_stat_statements WHERE queryid IN (6456118323983544280, 9012403632854415405)
/************************/

 userid | dbid | toplevel | queryid | query | plans | total_plan_time | min_plan_time | max_plan_time | mean_plan_time | stddev_plan_time | calls | total_exec_time | min_exec_time | max_exec_time | mean_exec_time | stddev_exec_time | rows | shared_blks_hit | shared_blks_read | shared_blks_dirtied | shared_blks_written | local_blks_hit | local_blks_read | local_blks_dirtied | local_blks_written | temp_blks_read | temp_blks_written | shared_blk_read_time | shared_blk_write_time | local_blk_read_time | local_blk_write_time | temp_blk_read_time | temp_blk_write_time | wal_records | wal_fpi | wal_bytes | wal_buffers_full | jit_functions | jit_generation_time | jit_inlining_count | jit_inlining_time | jit_optimization_count | jit_optimization_time | jit_emission_count | jit_emission_time | jit_deform_count | jit_deform_time | parallel_workers_to_launch | parallel_workers_launched | stats_since | minmax_stats_since 
--------+------+----------+---------+-------+-------+-----------------+---------------+---------------+----------------+------------------+-------+-----------------+---------------+---------------+----------------+------------------+------+-----------------+------------------+---------------------+---------------------+----------------+-----------------+--------------------+--------------------+----------------+-------------------+----------------------+-----------------------+---------------------+----------------------+--------------------+---------------------+-------------+---------+-----------+------------------+---------------+---------------------+--------------------+-------------------+------------------------+-----------------------+--------------------+-------------------+------------------+-----------------+----------------------------+---------------------------+-------------+--------------------
(0 rows)

/******** QUERY *********/
SELECT * FROM chandan_shukla.pg_stat_statements WHERE query LIKE 'INSERT%'
/************************/

 userid | dbid | toplevel | queryid | query | plans | total_plan_time | min_plan_time | max_plan_time | mean_plan_time | stddev_plan_time | calls | total_exec_time | min_exec_time | max_exec_time | mean_exec_time | stddev_exec_time | rows | shared_blks_hit | shared_blks_read | shared_blks_dirtied | shared_blks_written | local_blks_hit | local_blks_read | local_blks_dirtied | local_blks_written | temp_blks_read | temp_blks_written | shared_blk_read_time | shared_blk_write_time | local_blk_read_time | local_blk_write_time | temp_blk_read_time | temp_blk_write_time | wal_records | wal_fpi | wal_bytes | wal_buffers_full | jit_functions | jit_generation_time | jit_inlining_count | jit_inlining_time | jit_optimization_count | jit_optimization_time | jit_emission_count | jit_emission_time | jit_deform_count | jit_deform_time | parallel_workers_to_launch | parallel_workers_launched | stats_since | minmax_stats_since 
--------+------+----------+---------+-------+-------+-----------------+---------------+---------------+----------------+------------------+-------+-----------------+---------------+---------------+----------------+------------------+------+-----------------+------------------+---------------------+---------------------+----------------+-----------------+--------------------+--------------------+----------------+-------------------+----------------------+-----------------------+---------------------+----------------------+--------------------+---------------------+-------------+---------+-----------+------------------+---------------+---------------------+--------------------+-------------------+------------------------+-----------------------+--------------------+-------------------+------------------+-----------------+----------------------------+---------------------------+-------------+--------------------
(0 rows)

/******** QUERY *********/
SELECT * FROM chandan_shukla.pg_stat_statements FETCH FIRST 1 ROW
/************************/

/******** QUERY *********/
END WORK
/************************/

ROLLBACK
/******** QUERY *********/
SELECT table_name FROM information_schema.tables WHERE table_schema = 'chandan_shukla' ORDER BY table_name ASC
/************************/

       table_name        
-------------------------
 first_table
 pg_stat_statements
 pg_stat_statements_info
(3 rows)

/******** QUERY *********/
SELECT * FROM chandan_shukla.pg_stat_statements FETCH FIRST 1 ROW ONLY
/************************/

 userid | dbid  | toplevel |       queryid        |                          query                          | plans | total_plan_time | min_plan_time | max_plan_time | mean_plan_time | stddev_plan_time | calls | total_exec_time |    min_exec_time     | max_exec_time | mean_exec_time |    stddev_exec_time    | rows | shared_blks_hit | shared_blks_read | shared_blks_dirtied | shared_blks_written | local_blks_hit | local_blks_read | local_blks_dirtied | local_blks_written | temp_blks_read | temp_blks_written | shared_blk_read_time | shared_blk_write_time | local_blk_read_time | local_blk_write_time | temp_blk_read_time | temp_blk_write_time | wal_records | wal_fpi | wal_bytes | wal_buffers_full | jit_functions | jit_generation_time | jit_inlining_count | jit_inlining_time | jit_optimization_count | jit_optimization_time | jit_emission_count | jit_emission_time | jit_deform_count | jit_deform_time | parallel_workers_to_launch | parallel_workers_launched |          stats_since          |      minmax_stats_since       
--------+-------+----------+----------------------+---------------------------------------------------------+-------+-----------------+---------------+---------------+----------------+------------------+-------+-----------------+----------------------+---------------+----------------+------------------------+------+-----------------+------------------+---------------------+---------------------+----------------+-----------------+--------------------+--------------------+----------------+-------------------+----------------------+-----------------------+---------------------+----------------------+--------------------+---------------------+-------------+---------+-----------+------------------+---------------+---------------------+--------------------+-------------------+------------------------+-----------------------+--------------------+-------------------+------------------+-----------------+----------------------------+---------------------------+-------------------------------+-------------------------------
  78565 | 78572 | t        | -8910320803650316102 | SELECT $1 as sametable, conname,                       +|     0 |               0 |             0 |             0 |              0 |                0 |     2 |          0.0205 | 0.009907000000000001 |      0.010593 |        0.01025 | 0.00034299999999999956 |    0 |               6 |                0 |                   0 |                   0 |              0 |               0 |                  0 |                  0 |              0 |                 0 |                    0 |                     0 |                   0 |                    0 |                  0 |                   0 |           0 |       0 |         0 |                0 |             0 |                   0 |                  0 |                 0 |                      0 |                     0 |                  0 |                 0 |                0 |               0 |                          0 |                         0 | 2025-11-25 10:39:51.421+05:30 | 2025-11-25 10:39:51.421+05:30
        |       |          |                      |   pg_catalog.pg_get_constraintdef(r.oid, $2) as condef,+|       |                 |               |               |                |                  |       |                 |                      |               |                |                        |      |                 |                  |                     |                     |                |                 |                    |                    |                |                   |                      |                       |                     |                      |                    |                     |             |         |           |                  |               |                     |                    |                   |                        |                       |                    |                   |                  |                 |                            |                           |                               | 
        |       |          |                      |   conrelid::pg_catalog.regclass AS ontable             +|       |                 |               |               |                |                  |       |                 |                      |               |                |                        |      |                 |                  |                     |                     |                |                 |                    |                    |                |                   |                      |                       |                     |                      |                    |                     |             |         |           |                  |               |                     |                    |                   |                        |                       |                    |                   |                  |                 |                            |                           |                               | 
        |       |          |                      | FROM pg_catalog.pg_constraint r                        +|       |                 |               |               |                |                  |       |                 |                      |               |                |                        |      |                 |                  |                     |                     |                |                 |                    |                    |                |                   |                      |                       |                     |                      |                    |                     |             |         |           |                  |               |                     |                    |                   |                        |                       |                    |                   |                  |                 |                            |                           |                               | 
        |       |          |                      | WHERE r.conrelid = $3 AND r.contype = $4               +|       |                 |               |               |                |                  |       |                 |                      |               |                |                        |      |                 |                  |                     |                     |                |                 |                    |                    |                |                   |                      |                       |                     |                      |                    |                     |             |         |           |                  |               |                     |                    |                   |                        |                       |                    |                   |                  |                 |                            |                           |                               | 
        |       |          |                      |      AND conparentid = $5                              +|       |                 |               |               |                |                  |       |                 |                      |               |                |                        |      |                 |                  |                     |                     |                |                 |                    |                    |                |                   |                      |                       |                     |                      |                    |                     |             |         |           |                  |               |                     |                    |                   |                        |                       |                    |                   |                  |                 |                            |                           |                               | 
        |       |          |                      | ORDER BY conname                                        |       |                 |               |               |                |                  |       |                 |                      |               |                |                        |      |                 |                  |                     |                     |                |                 |                    |                    |                |                   |                      |                       |                     |                      |                    |                     |             |         |           |                  |               |                     |                    |                   |                        |                       |                    |                   |                  |                 |                            |                           |                               | 
(1 row)

                                        List of views
     Schema     |        Name        | Type |  Owner   | Persistence |  Size   | Description 
----------------+--------------------+------+----------+-------------+---------+-------------
 chandan_shukla | pg_stat_statements | view | postgres | permanent   | 0 bytes | NULL
(1 row)

/******** QUERY *********/
CREATE TABLE IF NOT EXISTS chandan_shukla.second_table
(
    first_column SMALLINT STORAGE default COMPRESSION default CONSTRAINT nn_first_column NOT NULL DEFAULT 0::smallint,
    second_column TEXT STORAGE default COMPRESSION default CONSTRAINT nn_second_column NOT NULL DEFAULT ''::text
)
TABLESPACE www_sqlservercentral_com_data
/************************/

CREATE TABLE
/******** QUERY *********/
SELECT table_name FROM information_schema.tables WHERE table_schema = 'chandan_shukla' ORDER BY table_name ASC
/************************/

       table_name        
-------------------------
 first_table
 pg_stat_statements
 pg_stat_statements_info
 second_table
(4 rows)

/******** QUERY *********/
EXPLAIN (ANALYZE, TIMING, SETTINGS, VERBOSE, BUFFERS, MEMORY, COSTS, WAL, FORMAT TEXT) INSERT INTO chandan_shukla.first_table (first_column, second_column) SELECT g, MD5(RANDOM()::text) FROM pg_catalog.generate_series(1, 10000) g
/************************/

                                                                     QUERY PLAN                                                                      
-----------------------------------------------------------------------------------------------------------------------------------------------------
 Insert on chandan_shukla.first_table  (cost=0.00..225.00 rows=0 width=0) (actual time=14.593..14.594 rows=0.00 loops=1)
   Buffers: shared hit=10165 dirtied=84 written=85
   ->  Subquery Scan on "*SELECT*"  (cost=0.00..225.00 rows=10000 width=34) (actual time=0.599..7.361 rows=10000.00 loops=1)
         Output: "*SELECT*".g, "*SELECT*".md5
         ->  Function Scan on pg_catalog.generate_series g  (cost=0.00..200.00 rows=10000 width=36) (actual time=0.598..6.744 rows=10000.00 loops=1)
               Output: g.g, md5((random())::text)
               Function Call: generate_series(1, 10000)
 Query Identifier: 9012403632854415405
 Planning:
   Memory: used=18kB  allocated=32kB
 Planning Time: 0.044 ms
 Execution Time: 14.881 ms
(12 rows)

/******** QUERY *********/
EXPLAIN (ANALYZE, TIMING, SETTINGS, VERBOSE, BUFFERS, MEMORY, COSTS, WAL, FORMAT TEXT) INSERT INTO chandan_shukla.second_table (first_column, second_column) SELECT g, MD5(RANDOM()::text) FROM pg_catalog.generate_series(1, 10000) g
/************************/

                                                                     QUERY PLAN                                                                      
-----------------------------------------------------------------------------------------------------------------------------------------------------
 Insert on chandan_shukla.second_table  (cost=0.00..225.00 rows=0 width=0) (actual time=16.941..16.941 rows=0.00 loops=1)
   Buffers: shared hit=10164 dirtied=84 written=87
   WAL: records=10000 bytes=900000
   ->  Subquery Scan on "*SELECT*"  (cost=0.00..225.00 rows=10000 width=34) (actual time=0.849..7.333 rows=10000.00 loops=1)
         Output: "*SELECT*".g, "*SELECT*".md5
         ->  Function Scan on pg_catalog.generate_series g  (cost=0.00..200.00 rows=10000 width=36) (actual time=0.847..6.705 rows=10000.00 loops=1)
               Output: g.g, md5((random())::text)
               Function Call: generate_series(1, 10000)
 Query Identifier: 6456118323983544280
 Planning:
   Memory: used=18kB  allocated=32kB
 Planning Time: 0.061 ms
 Execution Time: 17.271 ms
(13 rows)

/******** QUERY *********/
ANALYZE (VERBOSE, SKIP_LOCKED false) ONLY chandan_shukla.second_table, chandan_shukla.first_table
/************************/

ANALYZE
/******** QUERY *********/
END WORK
/************************/

COMMIT
