        Connection Information
      Parameter       |     Value     
----------------------+---------------
 Database             | boringsql_com
 Client User          | boringsql_com
 Host                 | 127.0.0.1
 Server Port          | 5432
 Options              | 
 Protocol Version     | 3.0
 Password Used        | true
 GSSAPI Authenticated | false
 Backend PID          | 40077
 SSL Connection       | false
 Superuser            | off
 Hot Standby          | off
(12 rows)

/******** QUERY *********/
SELECT CURRENT_DATABASE(), USER, SESSION_USER, CURRENT_USER, CURRENT_ROLE, CURRENT_SCHEMA, CURRENT_DATE, CURRENT_TIME, CURRENT_TIMESTAMP
/************************/

 current_database |     user      | session_user  | current_user  | current_role  | current_schema | current_date |     current_time     |        current_timestamp        
------------------+---------------+---------------+---------------+---------------+----------------+--------------+----------------------+---------------------------------
 boringsql_com    | boringsql_com | boringsql_com | boringsql_com | boringsql_com | public         | 2025-11-15   | 00:40:30.39881+05:30 | 2025-11-15 00:40:30.39881+05:30
(1 row)

