/******** QUERY *********/
SELECT USER, CURRENT_USER, SESSION_USER, CURRENT_ROLE, CURRENT_SCHEMA, CURRENT_DATE, CURRENT_TIME, CURRENT_TIMESTAMP
/************************/

            user             |        current_user         |        session_user         |        current_role         |       current_schema        | current_date |     current_time      |        current_timestamp         
-----------------------------+-----------------------------+-----------------------------+-----------------------------+-----------------------------+--------------+-----------------------+----------------------------------
 www_cybertec_postgresql_com | www_cybertec_postgresql_com | www_cybertec_postgresql_com | www_cybertec_postgresql_com | www_cybertec_postgresql_com | 2025-11-10   | 20:08:21.046931+05:30 | 2025-11-10 20:08:21.046931+05:30
(1 row)

/******** QUERY *********/
SELECT DISTINCT table_schema FROM information_schema.tables WHERE NOT table_schema LIKE 'pg_%' ORDER BY table_schema ASC
/************************/

    table_schema    
--------------------
 information_schema
(1 row)

/******** QUERY *********/
CREATE SCHEMA IF NOT EXISTS www_cybertec_postgresql_com AUTHORIZATION www_cybertec_postgresql_com
/************************/

CREATE SCHEMA
/******** QUERY *********/
CREATE SCHEMA IF NOT EXISTS julian_markwort AUTHORIZATION www_cybertec_postgresql_com
/************************/

CREATE SCHEMA
